------------------------------------------------------------
Timing Analyzer Summary
------------------------------------------------------------

Type  : Slow 1200mV 85C Model Setup 'clk_i'
Slack : -8.180
TNS   : -7767.219

Type  : Slow 1200mV 85C Model Hold 'clk_i'
Slack : 0.342
TNS   : 0.000

Type  : Slow 1200mV 85C Model Recovery 'clk_i'
Slack : -1.769
TNS   : -245.339

Type  : Slow 1200mV 85C Model Removal 'clk_i'
Slack : 1.886
TNS   : 0.000

Type  : Slow 1200mV 85C Model Minimum Pulse Width 'clk_i'
Slack : -3.000
TNS   : -1771.444

Type  : Slow 1200mV 0C Model Setup 'clk_i'
Slack : -7.216
TNS   : -6821.325

Type  : Slow 1200mV 0C Model Hold 'clk_i'
Slack : 0.297
TNS   : 0.000

Type  : Slow 1200mV 0C Model Recovery 'clk_i'
Slack : -1.464
TNS   : -200.262

Type  : Slow 1200mV 0C Model Removal 'clk_i'
Slack : 1.684
TNS   : 0.000

Type  : Slow 1200mV 0C Model Minimum Pulse Width 'clk_i'
Slack : -3.000
TNS   : -1771.444

Type  : Fast 1200mV 0C Model Setup 'clk_i'
Slack : -4.167
TNS   : -3748.594

Type  : Fast 1200mV 0C Model Hold 'clk_i'
Slack : 0.159
TNS   : 0.000

Type  : Fast 1200mV 0C Model Recovery 'clk_i'
Slack : -0.639
TNS   : -81.337

Type  : Fast 1200mV 0C Model Removal 'clk_i'
Slack : 1.095
TNS   : 0.000

Type  : Fast 1200mV 0C Model Minimum Pulse Width 'clk_i'
Slack : -3.000
TNS   : -1748.606

------------------------------------------------------------
