------------------------------------------------------------
Timing Analyzer Summary
------------------------------------------------------------

Type  : Slow 1200mV 85C Model Setup 'inst_pll_sys|altpll_component|auto_generated|pll1|clk[0]'
Slack : 3.368
TNS   : 0.000

Type  : Slow 1200mV 85C Model Hold 'inst_pll_sys|altpll_component|auto_generated|pll1|clk[0]'
Slack : 0.358
TNS   : 0.000

Type  : Slow 1200mV 85C Model Minimum Pulse Width 'inst_pll_sys|altpll_component|auto_generated|pll1|clk[0]'
Slack : 4.751
TNS   : 0.000

Type  : Slow 1200mV 85C Model Minimum Pulse Width 'CLOCK_50'
Slack : 9.834
TNS   : 0.000

Type  : Slow 1200mV 0C Model Setup 'inst_pll_sys|altpll_component|auto_generated|pll1|clk[0]'
Slack : 4.045
TNS   : 0.000

Type  : Slow 1200mV 0C Model Hold 'inst_pll_sys|altpll_component|auto_generated|pll1|clk[0]'
Slack : 0.312
TNS   : 0.000

Type  : Slow 1200mV 0C Model Minimum Pulse Width 'inst_pll_sys|altpll_component|auto_generated|pll1|clk[0]'
Slack : 4.746
TNS   : 0.000

Type  : Slow 1200mV 0C Model Minimum Pulse Width 'CLOCK_50'
Slack : 9.817
TNS   : 0.000

Type  : Fast 1200mV 0C Model Setup 'inst_pll_sys|altpll_component|auto_generated|pll1|clk[0]'
Slack : 6.189
TNS   : 0.000

Type  : Fast 1200mV 0C Model Hold 'inst_pll_sys|altpll_component|auto_generated|pll1|clk[0]'
Slack : 0.186
TNS   : 0.000

Type  : Fast 1200mV 0C Model Minimum Pulse Width 'inst_pll_sys|altpll_component|auto_generated|pll1|clk[0]'
Slack : 4.784
TNS   : 0.000

Type  : Fast 1200mV 0C Model Minimum Pulse Width 'CLOCK_50'
Slack : 9.584
TNS   : 0.000

------------------------------------------------------------
