------------------------------------------------------------
Timing Analyzer Summary
------------------------------------------------------------

Type  : Slow 1200mV 85C Model Setup 'clk_i'
Slack : -8.413
TNS   : -7559.596

Type  : Slow 1200mV 85C Model Hold 'clk_i'
Slack : 0.329
TNS   : 0.000

Type  : Slow 1200mV 85C Model Recovery 'clk_i'
Slack : -1.672
TNS   : -228.296

Type  : Slow 1200mV 85C Model Removal 'clk_i'
Slack : 1.785
TNS   : 0.000

Type  : Slow 1200mV 85C Model Minimum Pulse Width 'clk_i'
Slack : -3.000
TNS   : -1782.140

Type  : Slow 1200mV 0C Model Setup 'clk_i'
Slack : -7.433
TNS   : -6635.312

Type  : Slow 1200mV 0C Model Hold 'clk_i'
Slack : 0.297
TNS   : 0.000

Type  : Slow 1200mV 0C Model Recovery 'clk_i'
Slack : -1.367
TNS   : -183.433

Type  : Slow 1200mV 0C Model Removal 'clk_i'
Slack : 1.588
TNS   : 0.000

Type  : Slow 1200mV 0C Model Minimum Pulse Width 'clk_i'
Slack : -3.000
TNS   : -1782.140

Type  : Fast 1200mV 0C Model Setup 'clk_i'
Slack : -4.142
TNS   : -3620.542

Type  : Fast 1200mV 0C Model Hold 'clk_i'
Slack : 0.168
TNS   : 0.000

Type  : Fast 1200mV 0C Model Recovery 'clk_i'
Slack : -0.578
TNS   : -70.688

Type  : Fast 1200mV 0C Model Removal 'clk_i'
Slack : 1.050
TNS   : 0.000

Type  : Fast 1200mV 0C Model Minimum Pulse Width 'clk_i'
Slack : -3.000
TNS   : -1757.146

------------------------------------------------------------
